
> trevia@0.1.0 build
> next build

   Γû▓ Next.js 15.3.1
   - Environments: .env.local

   Creating an optimized production build ...
 Γ£ô Compiled successfully in 3.0s
   Linting and checking validity of types ...
node.exe : 
At line:1 char:1
+ & "C:\Program 
Files\nodejs/node.exe" 
"C:\Program 
Files\nodejs/node_mo ...
+ ~~~~~~~~~~~~~~~~~~~~~~~~~~~
~~~~~~~~~~~~~~~~~~~~~~~~~~~~~
~~~~~~~~~~~~~
    + CategoryInfo           
   : NotSpecified: (:String  
  ) [], RemoteException
    + FullyQualifiedErrorId  
   : NativeCommandError
 
Failed to compile.

./app/components/Hero.tsx
24:6  Warning: React Hook 
useEffect has a missing 
dependency: 
'backgrounds.length'. Either 
include it or remove the 
dependency array.  
react-hooks/exhaustive-deps

./app/plan-trip/budget/page.t
sx
6:8  Error: 'Image' is 
defined but never used.  @typ
escript-eslint/no-unused-vars

./app/plan-trip/index.d.ts
4:25  Error: Unexpected any. 
Specify a different type.  @t
ypescript-eslint/no-explicit-
any

info  - Need to disable some 
ESLint rules? Learn more 
here: https://nextjs.org/docs
/app/api-reference/config/esl
int#disabling-rules
